<?xml version="1.0" encoding="UTF-8"?>
<testsuites name="jest tests" tests="75" failures="12" errors="0" time="74.488">
  <testsuite name="ProductRoutineSyncService" errors="0" failures="0" skipped="0" timestamp="2025-09-16T12:55:22" time="1.326" tests="12">
    <testcase classname="ProductRoutineSyncService extractProductsFromRoutine should extract products from routine correctly" name="ProductRoutineSyncService extractProductsFromRoutine should extract products from routine correctly" time="0.157">
    </testcase>
    <testcase classname="ProductRoutineSyncService extractProductsFromRoutine should handle empty routine" name="ProductRoutineSyncService extractProductsFromRoutine should handle empty routine" time="0.016">
    </testcase>
    <testcase classname="ProductRoutineSyncService extractProductsFromRoutine should handle routine steps without products" name="ProductRoutineSyncService extractProductsFromRoutine should handle routine steps without products" time="0.007">
    </testcase>
    <testcase classname="ProductRoutineSyncService enrichProductsWithCatalogData should enrich products with catalog data successfully" name="ProductRoutineSyncService enrichProductsWithCatalogData should enrich products with catalog data successfully" time="0.011">
    </testcase>
    <testcase classname="ProductRoutineSyncService enrichProductsWithCatalogData should handle products not found in catalog" name="ProductRoutineSyncService enrichProductsWithCatalogData should handle products not found in catalog" time="0.012">
    </testcase>
    <testcase classname="ProductRoutineSyncService enrichProductsWithCatalogData should handle catalog loading error gracefully" name="ProductRoutineSyncService enrichProductsWithCatalogData should handle catalog loading error gracefully" time="0.015">
    </testcase>
    <testcase classname="ProductRoutineSyncService syncProductReplacement should sync product replacement successfully" name="ProductRoutineSyncService syncProductReplacement should sync product replacement successfully" time="0.006">
    </testcase>
    <testcase classname="ProductRoutineSyncService syncProductReplacement should handle sync errors gracefully" name="ProductRoutineSyncService syncProductReplacement should handle sync errors gracefully" time="0.018">
    </testcase>
    <testcase classname="ProductRoutineSyncService Private methods integration should categorize products by skin problem correctly" name="ProductRoutineSyncService Private methods integration should categorize products by skin problem correctly" time="0.03">
    </testcase>
    <testcase classname="ProductRoutineSyncService Error handling and edge cases should handle null/undefined inputs gracefully" name="ProductRoutineSyncService Error handling and edge cases should handle null/undefined inputs gracefully" time="0.012">
    </testcase>
    <testcase classname="ProductRoutineSyncService Error handling and edge cases should handle malformed catalog data" name="ProductRoutineSyncService Error handling and edge cases should handle malformed catalog data" time="0.005">
    </testcase>
    <testcase classname="ProductRoutineSyncService Performance and caching should handle large routine efficiently" name="ProductRoutineSyncService Performance and caching should handle large routine efficiently" time="0.023">
    </testcase>
  </testsuite>
  <testsuite name="AlternativeProductService" errors="0" failures="0" skipped="0" timestamp="2025-09-16T12:55:23" time="1.409" tests="21">
    <testcase classname="AlternativeProductService findAlternatives should find alternatives successfully" name="AlternativeProductService findAlternatives should find alternatives successfully" time="0.181">
    </testcase>
    <testcase classname="AlternativeProductService findAlternatives should filter by same category only" name="AlternativeProductService findAlternatives should filter by same category only" time="0.016">
    </testcase>
    <testcase classname="AlternativeProductService findAlternatives should handle empty catalog gracefully" name="AlternativeProductService findAlternatives should handle empty catalog gracefully" time="0.004">
    </testcase>
    <testcase classname="AlternativeProductService findAlternatives should handle catalog loading error" name="AlternativeProductService findAlternatives should handle catalog loading error" time="0.014">
    </testcase>
    <testcase classname="AlternativeProductService Price filtering should filter by cheaper price range" name="AlternativeProductService Price filtering should filter by cheaper price range" time="0.009">
    </testcase>
    <testcase classname="AlternativeProductService Price filtering should filter by similar price range" name="AlternativeProductService Price filtering should filter by similar price range" time="0.005">
    </testcase>
    <testcase classname="AlternativeProductService Price filtering should filter by premium price range" name="AlternativeProductService Price filtering should filter by premium price range" time="0.006">
    </testcase>
    <testcase classname="AlternativeProductService Naturalness filtering should filter by more natural products" name="AlternativeProductService Naturalness filtering should filter by more natural products" time="0.007">
    </testcase>
    <testcase classname="AlternativeProductService Naturalness filtering should filter by conventional products" name="AlternativeProductService Naturalness filtering should filter by conventional products" time="0.009">
    </testcase>
    <testcase classname="AlternativeProductService Potency filtering should filter by gentler products" name="AlternativeProductService Potency filtering should filter by gentler products" time="0.008">
    </testcase>
    <testcase classname="AlternativeProductService Potency filtering should filter by stronger products" name="AlternativeProductService Potency filtering should filter by stronger products" time="0.009">
    </testcase>
    <testcase classname="AlternativeProductService Multiple criteria filtering should apply multiple criteria simultaneously" name="AlternativeProductService Multiple criteria filtering should apply multiple criteria simultaneously" time="0.006">
    </testcase>
    <testcase classname="AlternativeProductService Multiple criteria filtering should handle conflicting criteria gracefully" name="AlternativeProductService Multiple criteria filtering should handle conflicting criteria gracefully" time="0.004">
    </testcase>
    <testcase classname="AlternativeProductService Ingredient filtering should include products with required ingredients" name="AlternativeProductService Ingredient filtering should include products with required ingredients" time="0.017">
    </testcase>
    <testcase classname="AlternativeProductService Ingredient filtering should exclude products with unwanted ingredients" name="AlternativeProductService Ingredient filtering should exclude products with unwanted ingredients" time="0.019">
    </testcase>
    <testcase classname="AlternativeProductService Alternative enrichment should enrich alternatives with comparison data" name="AlternativeProductService Alternative enrichment should enrich alternatives with comparison data" time="0.014">
    </testcase>
    <testcase classname="AlternativeProductService Alternative enrichment should generate appropriate comparison tags" name="AlternativeProductService Alternative enrichment should generate appropriate comparison tags" time="0.012">
    </testcase>
    <testcase classname="AlternativeProductService Alternative enrichment should calculate switching impact correctly" name="AlternativeProductService Alternative enrichment should calculate switching impact correctly" time="0.018">
    </testcase>
    <testcase classname="AlternativeProductService Performance and edge cases should handle large catalog efficiently" name="AlternativeProductService Performance and edge cases should handle large catalog efficiently" time="0.044">
    </testcase>
    <testcase classname="AlternativeProductService Performance and edge cases should handle products with missing data" name="AlternativeProductService Performance and edge cases should handle products with missing data" time="0.006">
    </testcase>
    <testcase classname="AlternativeProductService Performance and edge cases should respect minimum relevance score" name="AlternativeProductService Performance and edge cases should respect minimum relevance score" time="0.008">
    </testcase>
  </testsuite>
  <testsuite name="useProductSync" errors="0" failures="1" skipped="0" timestamp="2025-09-16T12:55:22" time="17.108" tests="20">
    <testcase classname="useProductSync Initialization should initialize with default state" name="useProductSync Initialization should initialize with default state" time="0.034">
    </testcase>
    <testcase classname="useProductSync Initialization should auto-sync with initial routine when provided" name="useProductSync Initialization should auto-sync with initial routine when provided" time="0.156">
    </testcase>
    <testcase classname="useProductSync Initialization should not auto-sync when autoSync is disabled" name="useProductSync Initialization should not auto-sync when autoSync is disabled" time="0.006">
    </testcase>
    <testcase classname="useProductSync syncFromRoutine should sync products from routine successfully" name="useProductSync syncFromRoutine should sync products from routine successfully" time="0.011">
    </testcase>
    <testcase classname="useProductSync syncFromRoutine should handle sync errors gracefully" name="useProductSync syncFromRoutine should handle sync errors gracefully" time="7.031">
    </testcase>
    <testcase classname="useProductSync syncFromRoutine should show loading state during sync" name="useProductSync syncFromRoutine should show loading state during sync" time="0.011">
    </testcase>
    <testcase classname="useProductSync syncFromRoutine should retry on error when retryOnError is enabled" name="useProductSync syncFromRoutine should retry on error when retryOnError is enabled" time="1.013">
    </testcase>
    <testcase classname="useProductSync syncFromRoutine should cancel previous sync when new sync starts" name="useProductSync syncFromRoutine should cancel previous sync when new sync starts" time="0.014">
    </testcase>
    <testcase classname="useProductSync replaceProduct should replace product successfully" name="useProductSync replaceProduct should replace product successfully" time="0.063">
    </testcase>
    <testcase classname="useProductSync replaceProduct should handle replacement errors" name="useProductSync replaceProduct should handle replacement errors" time="0.065">
    </testcase>
    <testcase classname="useProductSync Caching should cache results when cacheResults is enabled" name="useProductSync Caching should cache results when cacheResults is enabled" time="0.01">
    </testcase>
    <testcase classname="useProductSync Caching should load from cache when available" name="useProductSync Caching should load from cache when available" time="0.005">
    </testcase>
    <testcase classname="useProductSync Caching should ignore expired cache" name="useProductSync Caching should ignore expired cache" time="0.059">
    </testcase>
    <testcase classname="useProductSync Metrics should track sync metrics" name="useProductSync Metrics should track sync metrics" time="0.018">
    </testcase>
    <testcase classname="useProductSync Metrics should track failed syncs in metrics" name="useProductSync Metrics should track failed syncs in metrics" time="7.02">
    </testcase>
    <testcase classname="useProductSync Utility functions should refresh products" name="useProductSync Utility functions should refresh products" time="0.064">
    </testcase>
    <testcase classname="useProductSync Utility functions should clear error" name="useProductSync Utility functions should clear error" time="0.005">
    </testcase>
    <testcase classname="useProductSync Edge cases should handle empty routine gracefully" name="useProductSync Edge cases should handle empty routine gracefully" time="0.013">
      <failure>Error: expect(received).toEqual(expected) // deep equality

- Expected  -  1
+ Received  + 28

- Array []
+ Array [
+   Object {
+     &quot;aiJustification&quot;: Object {
+       &quot;routineIntegration&quot;: &quot;Morning and evening routine&quot;,
+       &quot;skinBenefits&quot;: Array [
+         &quot;clean skin&quot;,
+         &quot;healthy&quot;,
+       ],
+       &quot;whySelected&quot;: &quot;Perfect for your skin type&quot;,
+     },
+     &quot;brand&quot;: &quot;Test Brand&quot;,
+     &quot;category&quot;: &quot;cleanser&quot;,
+     &quot;description&quot;: &quot;Test description&quot;,
+     &quot;id&quot;: &quot;test-cleanser&quot;,
+     &quot;imageUrl&quot;: &quot;/test-image.jpg&quot;,
+     &quot;keywordBenefits&quot;: Array [
+       &quot;cleansing&quot;,
+       &quot;gentle&quot;,
+     ],
+     &quot;name&quot;: &quot;Test Cleanser&quot;,
+     &quot;problemCategory&quot;: &quot;CLEANSING&quot;,
+     &quot;usageInstructions&quot;: Object {
+       &quot;application&quot;: &quot;Apply to wet skin&quot;,
+       &quot;frequency&quot;: &quot;daily&quot;,
+       &quot;timing&quot;: &quot;morning and evening&quot;,
+     },
+   },
+ ]
    at Object.&lt;anonymous&gt; (/Users/mak/dermai-v2/src/hooks/__tests__/useProductSync.test.ts:442:47)</failure>
    </testcase>
    <testcase classname="useProductSync Edge cases should handle malformed cache data" name="useProductSync Edge cases should handle malformed cache data" time="0.008">
    </testcase>
    <testcase classname="useProductSync Edge cases should handle localStorage errors gracefully" name="useProductSync Edge cases should handle localStorage errors gracefully" time="0.008">
    </testcase>
  </testsuite>
  <testsuite name="useAlternatives" errors="0" failures="11" skipped="0" timestamp="2025-09-16T12:55:22" time="71.869" tests="22">
    <testcase classname="useAlternatives Initialization should initialize with default state" name="useAlternatives Initialization should initialize with default state" time="0.038">
    </testcase>
    <testcase classname="useAlternatives loadAlternatives should load alternatives successfully" name="useAlternatives loadAlternatives should load alternatives successfully" time="0.115">
    </testcase>
    <testcase classname="useAlternatives loadAlternatives should apply debounce to search requests" name="useAlternatives loadAlternatives should apply debounce to search requests" time="0.021">
    </testcase>
    <testcase classname="useAlternatives loadAlternatives should handle search errors gracefully" name="useAlternatives loadAlternatives should handle search errors gracefully" time="35.011">
      <failure>Error: thrown: &quot;Exceeded timeout of 35000 ms for a test.
Add a timeout value to this test to increase the timeout, if this is a long-running test. See https://jestjs.io/docs/api#testname-fn-timeout.&quot;
    at /Users/mak/dermai-v2/src/hooks/__tests__/useAlternatives.test.ts:195:5
    at _dispatchDescribe (/Users/mak/dermai-v2/node_modules/jest-circus/build/index.js:91:26)
    at describe (/Users/mak/dermai-v2/node_modules/jest-circus/build/index.js:55:5)
    at /Users/mak/dermai-v2/src/hooks/__tests__/useAlternatives.test.ts:147:3
    at _dispatchDescribe (/Users/mak/dermai-v2/node_modules/jest-circus/build/index.js:91:26)
    at describe (/Users/mak/dermai-v2/node_modules/jest-circus/build/index.js:55:5)
    at Object.&lt;anonymous&gt; (/Users/mak/dermai-v2/src/hooks/__tests__/useAlternatives.test.ts:41:1)
    at Runtime._execModule (/Users/mak/dermai-v2/node_modules/jest-runtime/build/index.js:1439:24)
    at Runtime._loadModule (/Users/mak/dermai-v2/node_modules/jest-runtime/build/index.js:1022:12)
    at Runtime.requireModule (/Users/mak/dermai-v2/node_modules/jest-runtime/build/index.js:882:12)
    at jestAdapter (/Users/mak/dermai-v2/node_modules/jest-circus/build/legacy-code-todo-rewrite/jestAdapter.js:77:13)
    at processTicksAndRejections (node:internal/process/task_queues:105:5)
    at runTestInternal (/Users/mak/dermai-v2/node_modules/jest-runner/build/runTest.js:367:16)
    at runTest (/Users/mak/dermai-v2/node_modules/jest-runner/build/runTest.js:444:34)
    at Object.worker (/Users/mak/dermai-v2/node_modules/jest-runner/build/testWorker.js:106:12)</failure>
    </testcase>
    <testcase classname="useAlternatives loadAlternatives should show loading state during search" name="useAlternatives loadAlternatives should show loading state during search" time="0.006">
      <failure>TypeError: Cannot read properties of null (reading &apos;loadAlternatives&apos;)
    at /Users/mak/dermai-v2/src/hooks/__tests__/useAlternatives.test.ts:232:24
    at /Users/mak/dermai-v2/node_modules/@testing-library/react/dist/act-compat.js:48:24
    at Object.&lt;anonymous&gt;.process.env.NODE_ENV.exports.act (/Users/mak/dermai-v2/node_modules/react/cjs/react.development.js:789:22)
    at /Users/mak/dermai-v2/node_modules/@testing-library/react/dist/act-compat.js:47:25
    at Object.&lt;anonymous&gt; (/Users/mak/dermai-v2/src/hooks/__tests__/useAlternatives.test.ts:231:10)
    at Promise.then.completed (/Users/mak/dermai-v2/node_modules/jest-circus/build/utils.js:298:28)
    at new Promise (&lt;anonymous&gt;)
    at callAsyncCircusFn (/Users/mak/dermai-v2/node_modules/jest-circus/build/utils.js:231:10)
    at _callCircusTest (/Users/mak/dermai-v2/node_modules/jest-circus/build/run.js:316:40)
    at _runTest (/Users/mak/dermai-v2/node_modules/jest-circus/build/run.js:252:3)
    at _runTestsForDescribeBlock (/Users/mak/dermai-v2/node_modules/jest-circus/build/run.js:126:9)
    at _runTestsForDescribeBlock (/Users/mak/dermai-v2/node_modules/jest-circus/build/run.js:121:9)
    at _runTestsForDescribeBlock (/Users/mak/dermai-v2/node_modules/jest-circus/build/run.js:121:9)
    at run (/Users/mak/dermai-v2/node_modules/jest-circus/build/run.js:71:3)
    at runAndTransformResultsToJestFormat (/Users/mak/dermai-v2/node_modules/jest-circus/build/legacy-code-todo-rewrite/jestAdapterInit.js:122:21)
    at jestAdapter (/Users/mak/dermai-v2/node_modules/jest-circus/build/legacy-code-todo-rewrite/jestAdapter.js:79:19)
    at runTestInternal (/Users/mak/dermai-v2/node_modules/jest-runner/build/runTest.js:367:16)
    at runTest (/Users/mak/dermai-v2/node_modules/jest-runner/build/runTest.js:444:34)
    at Object.worker (/Users/mak/dermai-v2/node_modules/jest-runner/build/testWorker.js:106:12)</failure>
    </testcase>
    <testcase classname="useAlternatives loadAlternatives should retry on error when autoRetry is enabled" name="useAlternatives loadAlternatives should retry on error when autoRetry is enabled" time="35.008">
      <failure>Error: thrown: &quot;Exceeded timeout of 35000 ms for a test.
Add a timeout value to this test to increase the timeout, if this is a long-running test. See https://jestjs.io/docs/api#testname-fn-timeout.&quot;
    at /Users/mak/dermai-v2/src/hooks/__tests__/useAlternatives.test.ts:249:5
    at _dispatchDescribe (/Users/mak/dermai-v2/node_modules/jest-circus/build/index.js:91:26)
    at describe (/Users/mak/dermai-v2/node_modules/jest-circus/build/index.js:55:5)
    at /Users/mak/dermai-v2/src/hooks/__tests__/useAlternatives.test.ts:147:3
    at _dispatchDescribe (/Users/mak/dermai-v2/node_modules/jest-circus/build/index.js:91:26)
    at describe (/Users/mak/dermai-v2/node_modules/jest-circus/build/index.js:55:5)
    at Object.&lt;anonymous&gt; (/Users/mak/dermai-v2/src/hooks/__tests__/useAlternatives.test.ts:41:1)
    at Runtime._execModule (/Users/mak/dermai-v2/node_modules/jest-runtime/build/index.js:1439:24)
    at Runtime._loadModule (/Users/mak/dermai-v2/node_modules/jest-runtime/build/index.js:1022:12)
    at Runtime.requireModule (/Users/mak/dermai-v2/node_modules/jest-runtime/build/index.js:882:12)
    at jestAdapter (/Users/mak/dermai-v2/node_modules/jest-circus/build/legacy-code-todo-rewrite/jestAdapter.js:77:13)
    at processTicksAndRejections (node:internal/process/task_queues:105:5)
    at runTestInternal (/Users/mak/dermai-v2/node_modules/jest-runner/build/runTest.js:367:16)
    at runTest (/Users/mak/dermai-v2/node_modules/jest-runner/build/runTest.js:444:34)
    at Object.worker (/Users/mak/dermai-v2/node_modules/jest-runner/build/testWorker.js:106:12)</failure>
    </testcase>
    <testcase classname="useAlternatives loadAlternatives should pass search criteria correctly" name="useAlternatives loadAlternatives should pass search criteria correctly" time="0.012">
    </testcase>
    <testcase classname="useAlternatives selectAlternative should select alternative correctly" name="useAlternatives selectAlternative should select alternative correctly" time="0.007">
    </testcase>
    <testcase classname="useAlternatives selectAlternative should save selection to localStorage" name="useAlternatives selectAlternative should save selection to localStorage" time="0.01">
    </testcase>
    <testcase classname="useAlternatives selectAlternative should handle localStorage errors gracefully" name="useAlternatives selectAlternative should handle localStorage errors gracefully" time="0.006">
    </testcase>
    <testcase classname="useAlternatives Caching should cache search results when enabled" name="useAlternatives Caching should cache search results when enabled" time="0.014">
    </testcase>
    <testcase classname="useAlternatives Caching should load from cache when available" name="useAlternatives Caching should load from cache when available" time="0.023">
    </testcase>
    <testcase classname="useAlternatives Caching should ignore expired cache" name="useAlternatives Caching should ignore expired cache" time="0.022">
    </testcase>
    <testcase classname="useAlternatives Metrics should track search metrics" name="useAlternatives Metrics should track search metrics" time="0.01">
      <failure>Error: expect(received).toBeGreaterThan(expected)

Expected: &gt; 0
Received:   0
    at Object.&lt;anonymous&gt; (/Users/mak/dermai-v2/src/hooks/__tests__/useAlternatives.test.ts:436:62)</failure>
    </testcase>
    <testcase classname="useAlternatives Metrics should track failed searches in metrics" name="useAlternatives Metrics should track failed searches in metrics" time="0.01">
      <failure>Error: Search failed
    at Object.&lt;anonymous&gt; (/Users/mak/dermai-v2/src/hooks/__tests__/useAlternatives.test.ts:454:46)
    at Promise.then.completed (/Users/mak/dermai-v2/node_modules/jest-circus/build/utils.js:298:28)
    at new Promise (&lt;anonymous&gt;)
    at callAsyncCircusFn (/Users/mak/dermai-v2/node_modules/jest-circus/build/utils.js:231:10)
    at _callCircusTest (/Users/mak/dermai-v2/node_modules/jest-circus/build/run.js:316:40)
    at _runTest (/Users/mak/dermai-v2/node_modules/jest-circus/build/run.js:252:3)
    at _runTestsForDescribeBlock (/Users/mak/dermai-v2/node_modules/jest-circus/build/run.js:126:9)
    at _runTestsForDescribeBlock (/Users/mak/dermai-v2/node_modules/jest-circus/build/run.js:121:9)
    at _runTestsForDescribeBlock (/Users/mak/dermai-v2/node_modules/jest-circus/build/run.js:121:9)
    at run (/Users/mak/dermai-v2/node_modules/jest-circus/build/run.js:71:3)
    at runAndTransformResultsToJestFormat (/Users/mak/dermai-v2/node_modules/jest-circus/build/legacy-code-todo-rewrite/jestAdapterInit.js:122:21)
    at jestAdapter (/Users/mak/dermai-v2/node_modules/jest-circus/build/legacy-code-todo-rewrite/jestAdapter.js:79:19)
    at runTestInternal (/Users/mak/dermai-v2/node_modules/jest-runner/build/runTest.js:367:16)
    at runTest (/Users/mak/dermai-v2/node_modules/jest-runner/build/runTest.js:444:34)
    at Object.worker (/Users/mak/dermai-v2/node_modules/jest-runner/build/testWorker.js:106:12)</failure>
    </testcase>
    <testcase classname="useAlternatives Utility functions should clear alternatives" name="useAlternatives Utility functions should clear alternatives" time="0.011">
    </testcase>
    <testcase classname="useAlternatives Utility functions should clear alternatives error" name="useAlternatives Utility functions should clear alternatives error" time="0.002">
      <failure>TypeError: Cannot read properties of null (reading &apos;loadAlternatives&apos;)
    at /Users/mak/dermai-v2/src/hooks/__tests__/useAlternatives.test.ts:513:30
    at /Users/mak/dermai-v2/node_modules/@testing-library/react/dist/act-compat.js:48:24
    at Object.&lt;anonymous&gt;.process.env.NODE_ENV.exports.act (/Users/mak/dermai-v2/node_modules/react/cjs/react.development.js:789:22)
    at /Users/mak/dermai-v2/node_modules/@testing-library/react/dist/act-compat.js:47:25
    at Object.&lt;anonymous&gt; (/Users/mak/dermai-v2/src/hooks/__tests__/useAlternatives.test.ts:512:30)
    at Promise.then.completed (/Users/mak/dermai-v2/node_modules/jest-circus/build/utils.js:298:28)
    at new Promise (&lt;anonymous&gt;)
    at callAsyncCircusFn (/Users/mak/dermai-v2/node_modules/jest-circus/build/utils.js:231:10)
    at _callCircusTest (/Users/mak/dermai-v2/node_modules/jest-circus/build/run.js:316:40)
    at _runTest (/Users/mak/dermai-v2/node_modules/jest-circus/build/run.js:252:3)
    at _runTestsForDescribeBlock (/Users/mak/dermai-v2/node_modules/jest-circus/build/run.js:126:9)
    at _runTestsForDescribeBlock (/Users/mak/dermai-v2/node_modules/jest-circus/build/run.js:121:9)
    at _runTestsForDescribeBlock (/Users/mak/dermai-v2/node_modules/jest-circus/build/run.js:121:9)
    at run (/Users/mak/dermai-v2/node_modules/jest-circus/build/run.js:71:3)
    at runAndTransformResultsToJestFormat (/Users/mak/dermai-v2/node_modules/jest-circus/build/legacy-code-todo-rewrite/jestAdapterInit.js:122:21)
    at jestAdapter (/Users/mak/dermai-v2/node_modules/jest-circus/build/legacy-code-todo-rewrite/jestAdapter.js:79:19)
    at runTestInternal (/Users/mak/dermai-v2/node_modules/jest-runner/build/runTest.js:367:16)
    at runTest (/Users/mak/dermai-v2/node_modules/jest-runner/build/runTest.js:444:34)
    at Object.worker (/Users/mak/dermai-v2/node_modules/jest-runner/build/testWorker.js:106:12)</failure>
    </testcase>
    <testcase classname="useAlternatives Utility functions should retry last search" name="useAlternatives Utility functions should retry last search" time="0.004">
      <failure>TypeError: Cannot read properties of null (reading &apos;loadAlternatives&apos;)
    at /Users/mak/dermai-v2/src/hooks/__tests__/useAlternatives.test.ts:534:30
    at /Users/mak/dermai-v2/node_modules/@testing-library/react/dist/act-compat.js:48:24
    at Object.&lt;anonymous&gt;.process.env.NODE_ENV.exports.act (/Users/mak/dermai-v2/node_modules/react/cjs/react.development.js:789:22)
    at /Users/mak/dermai-v2/node_modules/@testing-library/react/dist/act-compat.js:47:25
    at Object.&lt;anonymous&gt; (/Users/mak/dermai-v2/src/hooks/__tests__/useAlternatives.test.ts:533:30)
    at Promise.then.completed (/Users/mak/dermai-v2/node_modules/jest-circus/build/utils.js:298:28)
    at new Promise (&lt;anonymous&gt;)
    at callAsyncCircusFn (/Users/mak/dermai-v2/node_modules/jest-circus/build/utils.js:231:10)
    at _callCircusTest (/Users/mak/dermai-v2/node_modules/jest-circus/build/run.js:316:40)
    at _runTest (/Users/mak/dermai-v2/node_modules/jest-circus/build/run.js:252:3)
    at _runTestsForDescribeBlock (/Users/mak/dermai-v2/node_modules/jest-circus/build/run.js:126:9)
    at _runTestsForDescribeBlock (/Users/mak/dermai-v2/node_modules/jest-circus/build/run.js:121:9)
    at _runTestsForDescribeBlock (/Users/mak/dermai-v2/node_modules/jest-circus/build/run.js:121:9)
    at run (/Users/mak/dermai-v2/node_modules/jest-circus/build/run.js:71:3)
    at runAndTransformResultsToJestFormat (/Users/mak/dermai-v2/node_modules/jest-circus/build/legacy-code-todo-rewrite/jestAdapterInit.js:122:21)
    at jestAdapter (/Users/mak/dermai-v2/node_modules/jest-circus/build/legacy-code-todo-rewrite/jestAdapter.js:79:19)
    at runTestInternal (/Users/mak/dermai-v2/node_modules/jest-runner/build/runTest.js:367:16)
    at runTest (/Users/mak/dermai-v2/node_modules/jest-runner/build/runTest.js:444:34)
    at Object.worker (/Users/mak/dermai-v2/node_modules/jest-runner/build/testWorker.js:106:12)</failure>
    </testcase>
    <testcase classname="useAlternatives Utility functions should handle retry when no previous search" name="useAlternatives Utility functions should handle retry when no previous search" time="0.002">
      <failure>TypeError: Cannot read properties of null (reading &apos;retryLoadAlternatives&apos;)
    at /Users/mak/dermai-v2/src/hooks/__tests__/useAlternatives.test.ts:565:30
    at /Users/mak/dermai-v2/node_modules/@testing-library/react/dist/act-compat.js:48:24
    at Object.&lt;anonymous&gt;.process.env.NODE_ENV.exports.act (/Users/mak/dermai-v2/node_modules/react/cjs/react.development.js:789:22)
    at /Users/mak/dermai-v2/node_modules/@testing-library/react/dist/act-compat.js:47:25
    at Object.&lt;anonymous&gt; (/Users/mak/dermai-v2/src/hooks/__tests__/useAlternatives.test.ts:564:16)
    at Promise.then.completed (/Users/mak/dermai-v2/node_modules/jest-circus/build/utils.js:298:28)
    at new Promise (&lt;anonymous&gt;)
    at callAsyncCircusFn (/Users/mak/dermai-v2/node_modules/jest-circus/build/utils.js:231:10)
    at _callCircusTest (/Users/mak/dermai-v2/node_modules/jest-circus/build/run.js:316:40)
    at _runTest (/Users/mak/dermai-v2/node_modules/jest-circus/build/run.js:252:3)
    at _runTestsForDescribeBlock (/Users/mak/dermai-v2/node_modules/jest-circus/build/run.js:126:9)
    at _runTestsForDescribeBlock (/Users/mak/dermai-v2/node_modules/jest-circus/build/run.js:121:9)
    at _runTestsForDescribeBlock (/Users/mak/dermai-v2/node_modules/jest-circus/build/run.js:121:9)
    at run (/Users/mak/dermai-v2/node_modules/jest-circus/build/run.js:71:3)
    at runAndTransformResultsToJestFormat (/Users/mak/dermai-v2/node_modules/jest-circus/build/legacy-code-todo-rewrite/jestAdapterInit.js:122:21)
    at jestAdapter (/Users/mak/dermai-v2/node_modules/jest-circus/build/legacy-code-todo-rewrite/jestAdapter.js:79:19)
    at runTestInternal (/Users/mak/dermai-v2/node_modules/jest-runner/build/runTest.js:367:16)
    at runTest (/Users/mak/dermai-v2/node_modules/jest-runner/build/runTest.js:444:34)
    at Object.worker (/Users/mak/dermai-v2/node_modules/jest-runner/build/testWorker.js:106:12)</failure>
    </testcase>
    <testcase classname="useAlternatives Edge cases should handle malformed cache data" name="useAlternatives Edge cases should handle malformed cache data" time="0.002">
      <failure>TypeError: Cannot read properties of null (reading &apos;loadAlternatives&apos;)
    at /Users/mak/dermai-v2/src/hooks/__tests__/useAlternatives.test.ts:579:30
    at /Users/mak/dermai-v2/node_modules/@testing-library/react/dist/act-compat.js:48:24
    at Object.&lt;anonymous&gt;.process.env.NODE_ENV.exports.act (/Users/mak/dermai-v2/node_modules/react/cjs/react.development.js:789:22)
    at /Users/mak/dermai-v2/node_modules/@testing-library/react/dist/act-compat.js:47:25
    at Object.&lt;anonymous&gt; (/Users/mak/dermai-v2/src/hooks/__tests__/useAlternatives.test.ts:578:30)
    at Promise.then.completed (/Users/mak/dermai-v2/node_modules/jest-circus/build/utils.js:298:28)
    at new Promise (&lt;anonymous&gt;)
    at callAsyncCircusFn (/Users/mak/dermai-v2/node_modules/jest-circus/build/utils.js:231:10)
    at _callCircusTest (/Users/mak/dermai-v2/node_modules/jest-circus/build/run.js:316:40)
    at _runTest (/Users/mak/dermai-v2/node_modules/jest-circus/build/run.js:252:3)
    at _runTestsForDescribeBlock (/Users/mak/dermai-v2/node_modules/jest-circus/build/run.js:126:9)
    at _runTestsForDescribeBlock (/Users/mak/dermai-v2/node_modules/jest-circus/build/run.js:121:9)
    at _runTestsForDescribeBlock (/Users/mak/dermai-v2/node_modules/jest-circus/build/run.js:121:9)
    at run (/Users/mak/dermai-v2/node_modules/jest-circus/build/run.js:71:3)
    at runAndTransformResultsToJestFormat (/Users/mak/dermai-v2/node_modules/jest-circus/build/legacy-code-todo-rewrite/jestAdapterInit.js:122:21)
    at jestAdapter (/Users/mak/dermai-v2/node_modules/jest-circus/build/legacy-code-todo-rewrite/jestAdapter.js:79:19)
    at runTestInternal (/Users/mak/dermai-v2/node_modules/jest-runner/build/runTest.js:367:16)
    at runTest (/Users/mak/dermai-v2/node_modules/jest-runner/build/runTest.js:444:34)
    at Object.worker (/Users/mak/dermai-v2/node_modules/jest-runner/build/testWorker.js:106:12)</failure>
    </testcase>
    <testcase classname="useAlternatives Edge cases should cancel search when component unmounts" name="useAlternatives Edge cases should cancel search when component unmounts" time="0.005">
      <failure>TypeError: Cannot read properties of null (reading &apos;loadAlternatives&apos;)
    at /Users/mak/dermai-v2/src/hooks/__tests__/useAlternatives.test.ts:596:24
    at /Users/mak/dermai-v2/node_modules/@testing-library/react/dist/act-compat.js:48:24
    at Object.&lt;anonymous&gt;.process.env.NODE_ENV.exports.act (/Users/mak/dermai-v2/node_modules/react/cjs/react.development.js:789:22)
    at /Users/mak/dermai-v2/node_modules/@testing-library/react/dist/act-compat.js:47:25
    at Object.&lt;anonymous&gt; (/Users/mak/dermai-v2/src/hooks/__tests__/useAlternatives.test.ts:595:10)
    at Promise.then.completed (/Users/mak/dermai-v2/node_modules/jest-circus/build/utils.js:298:28)
    at new Promise (&lt;anonymous&gt;)
    at callAsyncCircusFn (/Users/mak/dermai-v2/node_modules/jest-circus/build/utils.js:231:10)
    at _callCircusTest (/Users/mak/dermai-v2/node_modules/jest-circus/build/run.js:316:40)
    at _runTest (/Users/mak/dermai-v2/node_modules/jest-circus/build/run.js:252:3)
    at _runTestsForDescribeBlock (/Users/mak/dermai-v2/node_modules/jest-circus/build/run.js:126:9)
    at _runTestsForDescribeBlock (/Users/mak/dermai-v2/node_modules/jest-circus/build/run.js:121:9)
    at _runTestsForDescribeBlock (/Users/mak/dermai-v2/node_modules/jest-circus/build/run.js:121:9)
    at run (/Users/mak/dermai-v2/node_modules/jest-circus/build/run.js:71:3)
    at runAndTransformResultsToJestFormat (/Users/mak/dermai-v2/node_modules/jest-circus/build/legacy-code-todo-rewrite/jestAdapterInit.js:122:21)
    at jestAdapter (/Users/mak/dermai-v2/node_modules/jest-circus/build/legacy-code-todo-rewrite/jestAdapter.js:79:19)
    at runTestInternal (/Users/mak/dermai-v2/node_modules/jest-runner/build/runTest.js:367:16)
    at runTest (/Users/mak/dermai-v2/node_modules/jest-runner/build/runTest.js:444:34)
    at Object.worker (/Users/mak/dermai-v2/node_modules/jest-runner/build/testWorker.js:106:12)</failure>
    </testcase>
    <testcase classname="useAlternatives Edge cases should handle concurrent searches correctly" name="useAlternatives Edge cases should handle concurrent searches correctly" time="0.004">
      <failure>TypeError: Cannot read properties of null (reading &apos;loadAlternatives&apos;)
    at /Users/mak/dermai-v2/src/hooks/__tests__/useAlternatives.test.ts:627:24
    at /Users/mak/dermai-v2/node_modules/@testing-library/react/dist/act-compat.js:48:24
    at Object.&lt;anonymous&gt;.process.env.NODE_ENV.exports.act (/Users/mak/dermai-v2/node_modules/react/cjs/react.development.js:789:22)
    at /Users/mak/dermai-v2/node_modules/@testing-library/react/dist/act-compat.js:47:25
    at Object.&lt;anonymous&gt; (/Users/mak/dermai-v2/src/hooks/__tests__/useAlternatives.test.ts:626:10)
    at Promise.then.completed (/Users/mak/dermai-v2/node_modules/jest-circus/build/utils.js:298:28)
    at new Promise (&lt;anonymous&gt;)
    at callAsyncCircusFn (/Users/mak/dermai-v2/node_modules/jest-circus/build/utils.js:231:10)
    at _callCircusTest (/Users/mak/dermai-v2/node_modules/jest-circus/build/run.js:316:40)
    at _runTest (/Users/mak/dermai-v2/node_modules/jest-circus/build/run.js:252:3)
    at _runTestsForDescribeBlock (/Users/mak/dermai-v2/node_modules/jest-circus/build/run.js:126:9)
    at _runTestsForDescribeBlock (/Users/mak/dermai-v2/node_modules/jest-circus/build/run.js:121:9)
    at _runTestsForDescribeBlock (/Users/mak/dermai-v2/node_modules/jest-circus/build/run.js:121:9)
    at run (/Users/mak/dermai-v2/node_modules/jest-circus/build/run.js:71:3)
    at runAndTransformResultsToJestFormat (/Users/mak/dermai-v2/node_modules/jest-circus/build/legacy-code-todo-rewrite/jestAdapterInit.js:122:21)
    at jestAdapter (/Users/mak/dermai-v2/node_modules/jest-circus/build/legacy-code-todo-rewrite/jestAdapter.js:79:19)
    at runTestInternal (/Users/mak/dermai-v2/node_modules/jest-runner/build/runTest.js:367:16)
    at runTest (/Users/mak/dermai-v2/node_modules/jest-runner/build/runTest.js:444:34)
    at Object.worker (/Users/mak/dermai-v2/node_modules/jest-runner/build/testWorker.js:106:12)</failure>
    </testcase>
  </testsuite>
</testsuites>